arm-none-eabi-ld: data/event_scripts.o: in function `PokemonMansion_1F_EventScript_Ted':
(script_data+0x2882): undefined reference to `GPUMansion_1F_Text_TedPostBattle'
arm-none-eabi-ld: data/event_scripts.o: in function `PokemonMansion_1F_EventScript_Johnson':
(script_data+0x2899): undefined reference to `GPUMansion_1F_Text_JohnsonPostBattle'
arm-none-eabi-ld: data/event_scripts.o: in function `PokemonMansion_2F_EventScript_DiaryJuly5th':
(script_data+0x28c6): undefined reference to `GPUMansion_1F_Text_NewMonDiscoveredInGuyanaJungle'
arm-none-eabi-ld: data/event_scripts.o: in function `PokemonMansion_2F_EventScript_DiaryJuly10th':
(script_data+0x28cf): undefined reference to `GPUMansion_1F_Text_ChristenedDiscoveredMonMew'
arm-none-eabi-ld: data/event_scripts.o: in function `PokemonMansion_2F_EventScript_Arnie':
(script_data+0x28e6): undefined reference to `GPUMansion_1F_Text_ArniePostBattle'
arm-none-eabi-ld: data/event_scripts.o: in function `PokemonMansion_3F_EventScript_DiaryFeb6th':
(script_data+0x2913): undefined reference to `GPUMansion_1F_Text_MewGaveBirthToMewtwo'
arm-none-eabi-ld: data/event_scripts.o: in function `PokemonMansion_3F_EventScript_Simon':
(script_data+0x292a): undefined reference to `GPUMansion_1F_Text_SimonPostBattle'
arm-none-eabi-ld: data/event_scripts.o: in function `PokemonMansion_3F_EventScript_Braydon':
(script_data+0x2941): undefined reference to `GPUMansion_1F_Text_BraydonPostBattle'
arm-none-eabi-ld: data/event_scripts.o: in function `PokemonMansion_B1F_EventScript_DiarySep1st':
(script_data+0x296e): undefined reference to `GPUMansion_B1F_Text_MewtwoIsFarTooPowerful'
arm-none-eabi-ld: data/event_scripts.o: in function `PokemonMansion_B1F_EventScript_Lewis':
(script_data+0x2985): undefined reference to `GPUMansion_B1F_Text_LewisPostBattle'
arm-none-eabi-ld: data/event_scripts.o: in function `PokemonMansion_B1F_EventScript_Ivan':
(script_data+0x299c): undefined reference to `GPUMansion_B1F_Text_IvanPostBattle'
arm-none-eabi-ld: data/event_scripts.o: in function `PokemonLeague_LoreleisRoom_EventScript_Intro':
(script_data+0x2c8f): undefined reference to `GPULeague_LoreleisRoom_Text_Intro'
arm-none-eabi-ld: data/event_scripts.o: in function `PokemonLeague_LoreleisRoom_EventScript_RematchIntro':
(script_data+0x2c98): undefined reference to `GPULeague_LoreleisRoom_Text_RematchIntro'
arm-none-eabi-ld: data/event_scripts.o: in function `PokemonLeague_LoreleisRoom_EventScript_PostBattle':
(script_data+0x2cb7): undefined reference to `GPULeague_LoreleisRoom_Text_PostBattle'
arm-none-eabi-ld: data/event_scripts.o: in function `PokemonLeague_LoreleisRoom_EventScript_DefeatedLorelei':
(script_data+0x2cc9): undefined reference to `GPULeague_LoreleisRoom_Text_PostBattle'
arm-none-eabi-ld: data/event_scripts.o: in function `PokemonLeague_BrunosRoom_EventScript_Intro':
(script_data+0x2d9f): undefined reference to `GPULeague_BrunosRoom_Text_Intro'
arm-none-eabi-ld: data/event_scripts.o: in function `PokemonLeague_BrunosRoom_EventScript_RematchIntro':
(script_data+0x2da8): undefined reference to `GPULeague_BrunosRoom_Text_RematchIntro'
arm-none-eabi-ld: data/event_scripts.o: in function `PokemonLeague_BrunosRoom_EventScript_PostBattle':
(script_data+0x2dc7): undefined reference to `GPULeague_BrunosRoom_Text_PostBattle'
arm-none-eabi-ld: data/event_scripts.o: in function `PokemonLeague_BrunosRoom_EventScript_DefeatedBruno':
(script_data+0x2e06): undefined reference to `GPULeague_BrunosRoom_Text_PostBattle'
arm-none-eabi-ld: data/event_scripts.o: in function `PokemonLeague_AgathasRoom_EventScript_Intro':
(script_data+0x2f37): undefined reference to `GPULeague_AgathasRoom_Text_Intro'
arm-none-eabi-ld: data/event_scripts.o: in function `PokemonLeague_AgathasRoom_EventScript_RematchIntro':
(script_data+0x2f40): undefined reference to `GPULeague_AgathasRoom_Text_RematchIntro'
arm-none-eabi-ld: data/event_scripts.o: in function `PokemonLeague_AgathasRoom_EventScript_PostBattle':
(script_data+0x2f5f): undefined reference to `GPULeague_AgathasRoom_Text_PostBattle'
arm-none-eabi-ld: data/event_scripts.o: in function `PokemonLeague_AgathasRoom_EventScript_DefeatedAgatha':
(script_data+0x2f71): undefined reference to `GPULeague_AgathasRoom_Text_PostBattle'
arm-none-eabi-ld: data/event_scripts.o: in function `PokemonLeague_LancesRoom_EventScript_Intro':
(script_data+0x30c7): undefined reference to `GPULeague_LancesRoom_Text_Intro'
arm-none-eabi-ld: data/event_scripts.o: in function `PokemonLeague_LancesRoom_EventScript_RematchIntro':
(script_data+0x30d0): undefined reference to `GPULeague_LancesRoom_Text_RematchIntro'
arm-none-eabi-ld: data/event_scripts.o: in function `PokemonLeague_LancesRoom_EventScript_PostBattle':
(script_data+0x30ef): undefined reference to `GPULeague_LancesRoom_Text_PostBattle'
arm-none-eabi-ld: data/event_scripts.o: in function `PokemonLeague_LancesRoom_EventScript_DefeatedLance':
(script_data+0x3109): undefined reference to `GPULeague_LancesRoom_Text_PostBattle'
arm-none-eabi-ld: data/event_scripts.o: in function `PokemonLeague_ChampionsRoom_EventScript_EnterRoom':
(script_data+0x321e): undefined reference to `GPULeague_ChampionsRoom_Text_PostBattle'
arm-none-eabi-ld: (script_data+0x322d): undefined reference to `GPULeague_ChampionsRoom_Text_OakPlayer'
arm-none-eabi-ld: (script_data+0x325a): undefined reference to `GPULeague_ChampionsRoom_Text_OakCongratulations'
arm-none-eabi-ld: (script_data+0x3273): undefined reference to `GPULeague_ChampionsRoom_Text_OakImDisappointedRival'
arm-none-eabi-ld: (script_data+0x3289): undefined reference to `GPULeague_ChampionsRoom_Text_OakPlayerComeWithMe'
arm-none-eabi-ld: data/event_scripts.o: in function `PokemonLeague_ChampionsRoom_EventScript_Intro':
(script_data+0x3301): undefined reference to `GPULeague_ChampionsRoom_Text_Intro'
arm-none-eabi-ld: data/event_scripts.o: in function `PokemonLeague_ChampionsRoom_EventScript_RematchIntro':
(script_data+0x330a): undefined reference to `GPULeague_ChampionsRoom_Text_RematchIntro'
arm-none-eabi-ld: data/event_scripts.o: in function `PokemonLeague_HallOfFame_EventScript_EnterRoom':
(script_data+0x33df): undefined reference to `GPULeague_HallOfFame_Text_OakCongratulations'
arm-none-eabi-ld: data/event_scripts.o: in function `PokemonTower_1F_EventScript_Channeler':
(script_data+0x388d): undefined reference to `GPUTower_1F_Text_SenseSpiritsUpToMischief'
arm-none-eabi-ld: data/event_scripts.o: in function `PokemonTower_1F_EventScript_Woman1':
(script_data+0x3896): undefined reference to `GPUTower_1F_Text_GrowlitheWhyDidYouDie'
arm-none-eabi-ld: data/event_scripts.o: in function `PokemonTower_1F_EventScript_BaldingMan':
(script_data+0x389f): undefined reference to `GPUTower_1F_Text_CameToPrayForDepartedClefairy'
arm-none-eabi-ld: data/event_scripts.o: in function `PokemonTower_1F_EventScript_Woman2':
(script_data+0x38b6): undefined reference to `GPUTower_1F_Text_ComeToPayRespectsGirl'
arm-none-eabi-ld: data/event_scripts.o: in function `PokemonTower_1F_EventScript_Woman2MalePlayer':
(script_data+0x38c0): undefined reference to `GPUTower_1F_Text_ComeToPayRespectsSon'
arm-none-eabi-ld: data/event_scripts.o: in function `PokemonTower_1F_EventScript_WorkerF':
(script_data+0x38ca): undefined reference to `GPUTower_1F_Text_ErectedInMemoryOfDeadMons'
arm-none-eabi-ld: data/event_scripts.o: in function `PokemonTower_2F_EventScript_Channeler':
(script_data+0x38d4): undefined reference to `GPUTower_2F_Text_SilphScopeCouldUnmaskGhosts'
arm-none-eabi-ld: data/event_scripts.o: in function `PokemonTower_2F_EventScript_Rival':
(script_data+0x3925): undefined reference to `GPUTower_2F_Text_RivalIntro'
arm-none-eabi-ld: (script_data+0x3953): undefined reference to `GPUTower_2F_Text_RivalPostBattle'
arm-none-eabi-ld: data/event_scripts.o: in function `PokemonTower_3F_EventScript_Patricia':
(script_data+0x3a03): undefined reference to `GPUTower_3F_Text_PatriciaPostBattle'
arm-none-eabi-ld: data/event_scripts.o: in function `PokemonTower_3F_EventScript_Carly':
(script_data+0x3a1a): undefined reference to `GPUTower_3F_Text_CarlyPostBattle'
arm-none-eabi-ld: data/event_scripts.o: in function `PokemonTower_3F_EventScript_Hope':
(script_data+0x3a31): undefined reference to `GPUTower_3F_Text_HopePostBattle'
arm-none-eabi-ld: data/event_scripts.o: in function `PokemonTower_4F_EventScript_Paula':
(script_data+0x3a49): undefined reference to `GPUTower_4F_Text_PaulaPostBattle'
arm-none-eabi-ld: data/event_scripts.o: in function `PokemonTower_4F_EventScript_Laurel':
(script_data+0x3a60): undefined reference to `GPUTower_4F_Text_LaurelPostBattle'
arm-none-eabi-ld: data/event_scripts.o: in function `PokemonTower_4F_EventScript_Jody':
(script_data+0x3a77): undefined reference to `GPUTower_4F_Text_JodyPostBattle'
arm-none-eabi-ld: data/event_scripts.o: in function `PokemonTower_5F_EventScript_Channeler':
(script_data+0x3a81): undefined reference to `GPUTower_5F_Text_RestHereInPurifiedSpace'
arm-none-eabi-ld: data/event_scripts.o: in function `PokemonTower_5F_EventScript_PurifiedZone':
(script_data+0x3a92): undefined reference to `GPUTower_5F_Text_PurifiedZoneMonsFullyHealed'
arm-none-eabi-ld: data/event_scripts.o: in function `PokemonTower_5F_EventScript_Tammy':
(script_data+0x3ab7): undefined reference to `GPUTower_5F_Text_TammyPostBattle'
arm-none-eabi-ld: data/event_scripts.o: in function `PokemonTower_5F_EventScript_Ruth':
(script_data+0x3ace): undefined reference to `GPUTower_5F_Text_RuthPostBattle'
arm-none-eabi-ld: data/event_scripts.o: in function `PokemonTower_5F_EventScript_Karina':
(script_data+0x3ae5): undefined reference to `GPUTower_5F_Text_KarinaPostBattle'
arm-none-eabi-ld: data/event_scripts.o: in function `PokemonTower_5F_EventScript_Janae':
(script_data+0x3afc): undefined reference to `GPUTower_5F_Text_JanaePostBattle'
arm-none-eabi-ld: data/event_scripts.o: in function `PokemonTower_6F_EventScript_MarowakGhost':
(script_data+0x3b09): undefined reference to `GPUTower_6F_Text_BeGoneIntruders'
arm-none-eabi-ld: data/event_scripts.o: in function `PokemonTower_6F_EventScript_DefeatedMarowakGhost':
(script_data+0x3b51): undefined reference to `GPUTower_6F_Text_MothersSpiritWasCalmed'
arm-none-eabi-ld: data/event_scripts.o: in function `PokemonTower_6F_EventScript_Angelica':
(script_data+0x3b70): undefined reference to `GPUTower_6F_Text_AngelicaPostBattle'
arm-none-eabi-ld: data/event_scripts.o: in function `PokemonTower_6F_EventScript_Emilia':
(script_data+0x3b87): undefined reference to `GPUTower_6F_Text_EmiliaPostBattle'
arm-none-eabi-ld: data/event_scripts.o: in function `PokemonTower_6F_EventScript_Jennifer':
(script_data+0x3b9e): undefined reference to `GPUTower_6F_Text_JenniferPostBattle'
arm-none-eabi-ld: data/event_scripts.o: in function `PokemonTower_7F_EventScript_MrFuji':
(script_data+0x3bc0): undefined reference to `GPUTower_7F_Text_MrFujiThankYouFollowMe'
arm-none-eabi-ld: data/event_scripts.o: in function `PokemonTower_7F_EventScript_Grunt1':
(script_data+0x3be6): undefined reference to `GPUTower_7F_Text_Grunt1PostBattle'
arm-none-eabi-ld: data/event_scripts.o: in function `PokemonTower_7F_EventScript_DefeatedGrunt1':
(script_data+0x3bef): undefined reference to `GPUTower_7F_Text_Grunt1PostBattle'
arm-none-eabi-ld: data/event_scripts.o: in function `PokemonTower_7F_EventScript_Grunt2':
(script_data+0x3c9d): undefined reference to `GPUTower_7F_Text_Grunt2PostBattle'
arm-none-eabi-ld: data/event_scripts.o: in function `PokemonTower_7F_EventScript_DefeatedGrunt2':
(script_data+0x3cb3): undefined reference to `GPUTower_7F_Text_Grunt2PostBattle'
arm-none-eabi-ld: data/event_scripts.o: in function `PokemonTower_7F_EventScript_Grunt3':
(script_data+0x3d36): undefined reference to `GPUTower_7F_Text_Grunt3PostBattle'
arm-none-eabi-ld: data/event_scripts.o: in function `PokemonTower_7F_EventScript_DefeatedGrunt3':
(script_data+0x3d3f): undefined reference to `GPUTower_7F_Text_Grunt3PostBattle'
arm-none-eabi-ld: data/event_scripts.o: in function `ThreeIsland_BerryForest_EventScript_Lostelle':
(script_data+0x42d3): undefined reference to `ThreeIsland_BerryForest_Text_HelpScaryGPU'
arm-none-eabi-ld: data/event_scripts.o: in function `PalletTown_EventScript_OaksLabSign':
(script_data+0x5e94): undefined reference to `PalletTown_Text_OakGPUResearchLab'
arm-none-eabi-ld: data/event_scripts.o: in function `CeruleanCity_EventScript_BaldingMan':
(script_data+0x6d6b): undefined reference to `CeruleanCity_Text_GPUEncyclopediaAmusing'
arm-none-eabi-ld: data/event_scripts.o: in function `LavenderTown_EventScript_VolunteerHouseSign':
(script_data+0x6f18): undefined reference to `LavenderTown_Text_VolunteerGPUHouse'
arm-none-eabi-ld: data/event_scripts.o: in function `LavenderTown_EventScript_PokemonTowerSign':
(script_data+0x6f21): undefined reference to `LavenderTown_Text_GPUTowerSign'
arm-none-eabi-ld: data/event_scripts.o: in function `VermilionCity_EventScript_PokemonFanClubSign':
(script_data+0x72b3): undefined reference to `VermilionCity_Text_GPUFanClubSign'
arm-none-eabi-ld: data/event_scripts.o: in function `CinnabarIsland_EventScript_PokemonLabSign':
(script_data+0x7868): undefined reference to `CinnabarIsland_Text_GPULab'
arm-none-eabi-ld: data/event_scripts.o: in function `OneIsland_EventScript_PokemonNetCenterSign':
(script_data+0x7ba9): undefined reference to `OneIsland_Text_GPUNetCenterSign'
arm-none-eabi-ld: data/event_scripts.o: in function `ViridianCity_PokemonCenter_1F_EventScript_Boy':
(script_data+0xa926): undefined reference to `ViridianCity_GPUCenter_1F_Text_PokeCenterInEveryTown'
arm-none-eabi-ld: data/event_scripts.o: in function `ViridianCity_PokemonCenter_1F_EventScript_Gentleman':
(script_data+0xa92f): undefined reference to `ViridianCity_GPUCenter_1F_Text_FeelFreeToUsePC'
arm-none-eabi-ld: data/event_scripts.o: in function `ViridianCity_PokemonCenter_1F_EventScript_Youngster':
(script_data+0xa938): undefined reference to `ViridianCity_GPUCenter_1F_Text_PokeCentersHealMons'
arm-none-eabi-ld: data/event_scripts.o: in function `PewterCity_PokemonCenter_1F_EventScript_Gentleman':
(script_data+0xadc6): undefined reference to `PewterCity_GPUCenter_1F_Text_TeamRocketMtMoonImOnPhone'
arm-none-eabi-ld: data/event_scripts.o: in function `PewterCity_PokemonCenter_1F_EventScript_Youngster':
(script_data+0xade6): undefined reference to `PewterCity_GPUCenter_1F_Text_WhenJiggylypuffSingsMonsGetDrowsy'
arm-none-eabi-ld: data/event_scripts.o: in function `PewterCity_PokemonCenter_1F_EventScript_GBAKid1':
(script_data+0xadf0): undefined reference to `PewterCity_GPUCenter_1F_Text_TradingMyClefairyForPikachu'
arm-none-eabi-ld: data/event_scripts.o: in function `PewterCity_PokemonCenter_1F_EventScript_GBAKid2':
(script_data+0xadfa): undefined reference to `PewterCity_GPUCenter_1F_Text_TradingPikachuWithKid'
arm-none-eabi-ld: data/event_scripts.o: in function `CeruleanCity_PokemonCenter_1F_EventScript_Gentleman':
(script_data+0xb093): undefined reference to `CeruleanCity_GPUCenter_1F_Text_EveryoneCallsBillPokemaniac'
arm-none-eabi-ld: data/event_scripts.o: in function `CeruleanCity_PokemonCenter_1F_EventScript_Rocker':
(script_data+0xb09c): undefined reference to `CeruleanCity_GPUCenter_1F_Text_BillDoesWhateverForRareMons'
arm-none-eabi-ld: data/event_scripts.o: in function `CeruleanCity_PokemonCenter_1F_EventScript_Youngster':
(script_data+0xb0b4): undefined reference to `CeruleanCity_GPUCenter_1F_Text_BillCollectsRareMons'
arm-none-eabi-ld: data/event_scripts.o: in function `CeruleanCity_PokemonCenter_1F_EventScript_Lass':
(script_data+0xb0be): undefined reference to `CeruleanCity_GPUCenter_1F_Text_TryTradingUpstairs'
arm-none-eabi-ld: data/event_scripts.o: in function `LavenderTown_PokemonCenter_1F_EventScript_Gentleman':
(script_data+0xb755): undefined reference to `LavenderTown_GPUCenter_1F_Text_RocketsDoAnythingForMoney'
arm-none-eabi-ld: data/event_scripts.o: in function `LavenderTown_PokemonCenter_1F_EventScript_Lass':
(script_data+0xb75e): undefined reference to `LavenderTown_GPUCenter_1F_Text_CubonesMotherKilledByRockets'
arm-none-eabi-ld: data/event_scripts.o: in function `LavenderTown_PokemonCenter_1F_EventScript_Youngster':
(script_data+0xb767): undefined reference to `LavenderTown_GPUCenter_1F_Text_PeoplePayForCuboneSkulls'
arm-none-eabi-ld: data/event_scripts.o: in function `LavenderTown_VolunteerPokemonHouse_EventScript_MrFuji':
(script_data+0xb7a3): undefined reference to `LavenderTown_VolunteerGPUHouse_Text_IdLikeYouToHaveThis'
arm-none-eabi-ld: (script_data+0xb7da): undefined reference to `LavenderTown_VolunteerGPUHouse_Text_ExplainPokeFlute'
arm-none-eabi-ld: data/event_scripts.o: in function `LavenderTown_VolunteerPokemonHouse_EventScript_AlreadyHavePokeFlute':
(script_data+0xb7e4): undefined reference to `LavenderTown_VolunteerGPUHouse_Text_HasPokeFluteHelpedYou'
arm-none-eabi-ld: data/event_scripts.o: in function `LavenderTown_VolunteerPokemonHouse_EventScript_NoRoomForPokeFlute':
(script_data+0xb7ee): undefined reference to `LavenderTown_VolunteerGPUHouse_Text_MustMakeRoomForThis'
arm-none-eabi-ld: data/event_scripts.o: in function `LavenderTown_VolunteerPokemonHouse_EventScript_LittleGirl':
(script_data+0xb807): undefined reference to `LavenderTown_VolunteerGPUHouse_Text_MrFujiLooksAfterOrphanedMons'
arm-none-eabi-ld: data/event_scripts.o: in function `LavenderTown_VolunteerPokemonHouse_EventScript_LittleBoy':
(script_data+0xb811): undefined reference to `LavenderTown_VolunteerGPUHouse_Text_MonsNiceToHug'
arm-none-eabi-ld: data/event_scripts.o: in function `LavenderTown_VolunteerPokemonHouse_EventScript_Youngster':
(script_data+0xb825): undefined reference to `LavenderTown_VolunteerGPUHouse_Text_WhereDidMrFujiGo'
arm-none-eabi-ld: data/event_scripts.o: in function `LavenderTown_VolunteerPokemonHouse_EventScript_YoungsterFujiBack':
(script_data+0xb82f): undefined reference to `LavenderTown_VolunteerGPUHouse_Text_MrFujiWasPrayingForCubonesMother'
arm-none-eabi-ld: data/event_scripts.o: in function `LavenderTown_VolunteerPokemonHouse_EventScript_Nidorino':
(script_data+0xb841): undefined reference to `LavenderTown_VolunteerGPUHouse_Text_Nidorino'
arm-none-eabi-ld: data/event_scripts.o: in function `LavenderTown_VolunteerPokemonHouse_EventScript_Psyduck':
(script_data+0xb854): undefined reference to `LavenderTown_VolunteerGPUHouse_Text_Psyduck'
arm-none-eabi-ld: data/event_scripts.o: in function `LavenderTown_VolunteerPokemonHouse_EventScript_PokemonFanMagazine':
(script_data+0xb86d): undefined reference to `LavenderTown_VolunteerGPUHouse_Text_GrandPrizeDrawingClipped'
arm-none-eabi-ld: data/event_scripts.o: in function `LavenderTown_VolunteerPokemonHouse_EventScript_Bookshelf':
(script_data+0xb877): undefined reference to `LavenderTown_VolunteerGPUHouse_Text_GPUMagazinesLineShelf'
arm-none-eabi-ld: data/event_scripts.o: in function `LavenderTown_House1_EventScript_CooltrainerFGhostGone':
(script_data+0xb896): undefined reference to `LavenderTown_House1_Text_GhostOfGPUTowerIsGone'
arm-none-eabi-ld: data/event_scripts.o: in function `VermilionCity_PokemonCenter_1F_EventScript_Man':
(script_data+0xba8a): undefined reference to `VermilionCity_GPUCenter_1F_Text_PoisonedMonFaintedWhileWalking'
arm-none-eabi-ld: data/event_scripts.o: in function `VermilionCity_PokemonCenter_1F_EventScript_Hiker':
(script_data+0xba93): undefined reference to `VermilionCity_GPUCenter_1F_Text_TrainerMonsStrongerThanWild'
arm-none-eabi-ld: data/event_scripts.o: in function `VermilionCity_PokemonCenter_1F_EventScript_Youngster':
(script_data+0xba9c): undefined reference to `VermilionCity_GPUCenter_1F_Text_AllMonWeakToSpecificTypes'
arm-none-eabi-ld: data/event_scripts.o: in function `VermilionCity_PokemonFanClub_EventScript_Chairman':
(script_data+0xbad8): undefined reference to `VermilionCity_GPUFanClub_Text_DidYouComeToHearAboutMyMons'
arm-none-eabi-ld: (script_data+0xbaeb): undefined reference to `VermilionCity_GPUFanClub_Text_ComeBackToHearStory'
arm-none-eabi-ld: data/event_scripts.o: in function `VermilionCity_PokemonFanClub_EventScript_AlreadyHeardStory':
(script_data+0xbaf5): undefined reference to `VermilionCity_GPUFanClub_Text_DidntComeToSeeAboutMonsAgain'
arm-none-eabi-ld: data/event_scripts.o: in function `VermilionCity_PokemonFanClub_EventScript_ChairmanStory':
(script_data+0xbaff): undefined reference to `VermilionCity_GPUFanClub_Text_ChairmansStory'
arm-none-eabi-ld: (script_data+0xbb36): undefined reference to `VermilionCity_GPUFanClub_Text_ExplainBikeVoucher'
arm-none-eabi-ld: data/event_scripts.o: in function `VermilionCity_PokemonFanClub_EventScript_NoRoomForBikeVoucher':
(script_data+0xbb40): undefined reference to `VermilionCity_GPUFanClub_Text_MakeRoomForThis'
arm-none-eabi-ld: data/event_scripts.o: in function `VermilionCity_PokemonFanClub_EventScript_WorkerF':
(script_data+0xbb55): undefined reference to `VermilionCity_GPUFanClub_Text_ChairmanVeryVocalAboutGPU'
arm-none-eabi-ld: data/event_scripts.o: in function `VermilionCity_PokemonFanClub_EventScript_WorkerFGameClear':
(script_data+0xbb6c): undefined reference to `VermilionCity_GPUFanClub_Text_ChairmanReallyAdoresHisMons'
arm-none-eabi-ld: data/event_scripts.o: in function `VermilionCity_PokemonFanClub_EventScript_Woman':
(script_data+0xbb81): undefined reference to `VermilionCity_GPUFanClub_Text_AdoreMySeel'
arm-none-eabi-ld: data/event_scripts.o: in function `VermilionCity_PokemonFanClub_EventScript_WomanSpokeToFatMan':
(script_data+0xbb99): undefined reference to `VermilionCity_GPUFanClub_Text_SeelFarMoreAttractive'
arm-none-eabi-ld: data/event_scripts.o: in function `VermilionCity_PokemonFanClub_EventScript_FatMan':
(script_data+0xbbbc): undefined reference to `VermilionCity_GPUFanClub_Text_AdmirePikachusTail'
arm-none-eabi-ld: data/event_scripts.o: in function `VermilionCity_PokemonFanClub_EventScript_FatManSpokeToWoman':
(script_data+0xbbd4): undefined reference to `VermilionCity_GPUFanClub_Text_PikachuTwiceAsCute'
arm-none-eabi-ld: data/event_scripts.o: in function `VermilionCity_PokemonFanClub_EventScript_Pikachu':
(script_data+0xbbf4): undefined reference to `VermilionCity_GPUFanClub_Text_Pikachu'
arm-none-eabi-ld: data/event_scripts.o: in function `VermilionCity_PokemonFanClub_EventScript_Seel':
(script_data+0xbc07): undefined reference to `VermilionCity_GPUFanClub_Text_Seel'
arm-none-eabi-ld: data/event_scripts.o: in function `VermilionCity_PokemonFanClub_EventScript_RulesSign1':
(script_data+0xbc12): undefined reference to `VermilionCity_GPUFanClub_Text_ListenPolitelyToOtherTrainers'
arm-none-eabi-ld: data/event_scripts.o: in function `VermilionCity_PokemonFanClub_EventScript_RulesSign2':
(script_data+0xbc1b): undefined reference to `VermilionCity_GPUFanClub_Text_SomeoneBragsBragBack'
arm-none-eabi-ld: data/event_scripts.o: in function `CeladonCity_DepartmentStore_3F_EventScript_Poster':
(script_data+0xc233): undefined reference to `CeladonCity_DepartmentStore_3F_Text_RedGreenBothAreGPU'
arm-none-eabi-ld: data/event_scripts.o: in function `CeladonCity_PokemonCenter_1F_EventScript_Gentleman':
(script_data+0xcc52): undefined reference to `CeladonCity_GPUCenter_1F_Text_PokeFluteAwakensSleepingMons'
arm-none-eabi-ld: data/event_scripts.o: in function `CeladonCity_PokemonCenter_1F_EventScript_CooltrainerF':
(script_data+0xcc5b): undefined reference to `CeladonCity_GPUCenter_1F_Text_RodeHereFromFuchsia'
arm-none-eabi-ld: data/event_scripts.o: in function `CeladonCity_PokemonCenter_1F_EventScript_Youngster':
(script_data+0xcc64): undefined reference to `CeladonCity_GPUCenter_1F_Text_GoToCyclingRoadIfIHadBike'
arm-none-eabi-ld: data/event_scripts.o: in function `CeladonCity_GameCorner_PrizeRoom_EventScript_PartyFull':
(script_data+0xd3c4): undefined reference to `Text_NoMoreRoomForGPU'
arm-none-eabi-ld: data/event_scripts.o: in function `FuchsiaCity_PokemonCenter_1F_EventScript_Man':
(script_data+0xdd57): undefined reference to `FuchsiaCity_GPUCenter_1F_Text_CantBecomeGoodTrainerWithOneMon'
arm-none-eabi-ld: data/event_scripts.o: in function `FuchsiaCity_PokemonCenter_1F_EventScript_CooltrainerF':
(script_data+0xdd60): undefined reference to `FuchsiaCity_GPUCenter_1F_Text_GPULeagueWestOfViridian'
arm-none-eabi-ld: data/event_scripts.o: in function `FuchsiaCity_PokemonCenter_1F_EventScript_Youngster':
(script_data+0xdd69): undefined reference to `FuchsiaCity_GPUCenter_1F_Text_VisitSafariZoneForPokedex'
arm-none-eabi-ld: data/event_scripts.o: in function `CinnabarIsland_Gym_EventScript_Quiz1':
(script_data+0xe24e): undefined reference to `CinnabarIsland_Gym_Text_GPUQuizRules'
arm-none-eabi-ld: data/event_scripts.o: in function `CinnabarIsland_Gym_EventScript_Quiz2':
(script_data+0xe343): undefined reference to `CinnabarIsland_Gym_Text_GPUQuizRules'
arm-none-eabi-ld: data/event_scripts.o: in function `CinnabarIsland_Gym_EventScript_Quiz3':
(script_data+0xe421): undefined reference to `CinnabarIsland_Gym_Text_GPUQuizRules'
arm-none-eabi-ld: data/event_scripts.o: in function `CinnabarIsland_Gym_EventScript_Quiz4':
(script_data+0xe4f8): undefined reference to `CinnabarIsland_Gym_Text_GPUQuizRules'
arm-none-eabi-ld: data/event_scripts.o: in function `CinnabarIsland_Gym_EventScript_Quiz5':
(script_data+0xe5cf): undefined reference to `CinnabarIsland_Gym_Text_GPUQuizRules'
arm-none-eabi-ld: data/event_scripts.o:(script_data+0xe6a6): more undefined references to `CinnabarIsland_Gym_Text_GPUQuizRules' follow
arm-none-eabi-ld: data/event_scripts.o: in function `CinnabarIsland_PokemonLab_Entrance_EventScript_Scientist':
(script_data+0xe8d9): undefined reference to `CinnabarIsland_GPULab_Entrance_Text_StudyMonsExtensively'
arm-none-eabi-ld: data/event_scripts.o: in function `CinnabarIsland_PokemonLab_Entrance_EventScript_DrFujiPhoto':
(script_data+0xe8e2): undefined reference to `CinnabarIsland_GPULab_Entrance_Text_PhotoOfLabFounderDrFuji'
arm-none-eabi-ld: data/event_scripts.o: in function `CinnabarIsland_PokemonLab_Entrance_EventScript_MeetingRoomSign':
(script_data+0xe8eb): undefined reference to `CinnabarIsland_GPULab_Entrance_Text_MeetingRoomSign'
arm-none-eabi-ld: data/event_scripts.o: in function `CinnabarIsland_PokemonLab_Entrance_EventScript_RAndDRoomSign':
(script_data+0xe8f4): undefined reference to `CinnabarIsland_GPULab_Entrance_Text_RAndDRoomSign'
arm-none-eabi-ld: data/event_scripts.o: in function `CinnabarIsland_PokemonLab_Entrance_EventScript_TestingRoomSign':
(script_data+0xe8fd): undefined reference to `CinnabarIsland_GPULab_Entrance_Text_TestingRoomSign'
arm-none-eabi-ld: data/event_scripts.o: in function `CinnabarIsland_PokemonLab_Lounge_EventScript_Scientist':
(script_data+0xe907): undefined reference to `CinnabarIsland_GPULab_Lounge_Text_FoundFossilInMtMoon'
arm-none-eabi-ld: data/event_scripts.o: in function `CinnabarIsland_PokemonLab_ResearchRoom_EventScript_Scientist':
(script_data+0xea33): undefined reference to `CinnabarIsland_GPULab_ResearchRoom_Text_EeveeCanEvolveIntroThreeMons'
arm-none-eabi-ld: data/event_scripts.o: in function `CinnabarIsland_PokemonLab_ResearchRoom_EventScript_Computer':
(script_data+0xea3c): undefined reference to `CinnabarIsland_GPULab_ResearchRoom_Text_LegendaryBirdEmail'
arm-none-eabi-ld: data/event_scripts.o: in function `CinnabarIsland_PokemonLab_ResearchRoom_EventScript_AmberPipe':
(script_data+0xea45): undefined reference to `CinnabarIsland_GPULab_ResearchRoom_Text_AnAmberPipe'
arm-none-eabi-ld: data/event_scripts.o: in function `CinnabarIsland_PokemonLab_ExperimentRoom_EventScript_FossilScientist':
(script_data+0xeb2c): undefined reference to `CinnabarIsland_GPULab_ExperimentRoom_Text_HaveYouAFossilForMe'
arm-none-eabi-ld: data/event_scripts.o: in function `CinnabarIsland_PokemonLab_ExperimentRoom_EventScript_DontShowFossil':
(script_data+0xeb88): undefined reference to `CinnabarIsland_GPULab_ExperimentRoom_Text_NoIsTooBad'
arm-none-eabi-ld: data/event_scripts.o: in function `CinnabarIsland_PokemonLab_ExperimentRoom_EventScript_ShowHelixFossil':
(script_data+0xecbe): undefined reference to `CinnabarIsland_GPULab_ExperimentRoom_Text_ThatFossilIsOfMonMakeItLiveAgain'
arm-none-eabi-ld: (script_data+0xecd1): undefined reference to `CinnabarIsland_GPULab_ExperimentRoom_Text_HandedFossilToWeirdDoctor'
arm-none-eabi-ld: (script_data+0xece0): undefined reference to `CinnabarIsland_GPULab_ExperimentRoom_Text_TakesTimeGoForWalk'
arm-none-eabi-ld: data/event_scripts.o: in function `CinnabarIsland_PokemonLab_ExperimentRoom_EventScript_ShowDomeFossil':
(script_data+0xecfc): undefined reference to `CinnabarIsland_GPULab_ExperimentRoom_Text_ThatFossilIsOfMonMakeItLiveAgain'
arm-none-eabi-ld: (script_data+0xed0f): undefined reference to `CinnabarIsland_GPULab_ExperimentRoom_Text_HandedFossilToWeirdDoctor'
arm-none-eabi-ld: (script_data+0xed1e): undefined reference to `CinnabarIsland_GPULab_ExperimentRoom_Text_TakesTimeGoForWalk'
arm-none-eabi-ld: data/event_scripts.o: in function `CinnabarIsland_PokemonLab_ExperimentRoom_EventScript_ShowOldAmber':
(script_data+0xed3a): undefined reference to `CinnabarIsland_GPULab_ExperimentRoom_Text_ThatFossilIsOfMonMakeItLiveAgain'
arm-none-eabi-ld: (script_data+0xed4d): undefined reference to `CinnabarIsland_GPULab_ExperimentRoom_Text_HandedFossilToWeirdDoctor'
arm-none-eabi-ld: (script_data+0xed5c): undefined reference to `CinnabarIsland_GPULab_ExperimentRoom_Text_TakesTimeGoForWalk'
arm-none-eabi-ld: data/event_scripts.o: in function `CinnabarIsland_PokemonLab_ExperimentRoom_EventScript_DeclineReviveFossil':
(script_data+0xed70): undefined reference to `CinnabarIsland_GPULab_ExperimentRoom_Text_YouComeAgain'
arm-none-eabi-ld: data/event_scripts.o: in function `CinnabarIsland_PokemonLab_ExperimentRoom_EventScript_FossilStillReviving':
(script_data+0xed7a): undefined reference to `CinnabarIsland_GPULab_ExperimentRoom_Text_TakesTimeGoForWalk'
arm-none-eabi-ld: data/event_scripts.o: in function `CinnabarIsland_PokemonLab_ExperimentRoom_EventScript_GiveOmanyte':
(script_data+0xedaf): undefined reference to `CinnabarIsland_GPULab_ExperimentRoom_Text_FossilMonBackToLife'
arm-none-eabi-ld: data/event_scripts.o: in function `CinnabarIsland_PokemonLab_ExperimentRoom_EventScript_GiveKabuto':
(script_data+0xedf4): undefined reference to `CinnabarIsland_GPULab_ExperimentRoom_Text_FossilMonBackToLife'
arm-none-eabi-ld: data/event_scripts.o: in function `CinnabarIsland_PokemonLab_ExperimentRoom_EventScript_GiveAerodactyl':
(script_data+0xee39): undefined reference to `CinnabarIsland_GPULab_ExperimentRoom_Text_FossilMonBackToLife'
arm-none-eabi-ld: data/event_scripts.o: in function `CinnabarIsland_PokemonLab_ExperimentRoom_EventScript_RevivedAllFossils':
(script_data+0xeee5): undefined reference to `CinnabarIsland_GPULab_ExperimentRoom_Text_YouComeAgain'
arm-none-eabi-ld: data/event_scripts.o: in function `CinnabarIsland_PokemonCenter_1F_EventScript_Gentleman':
(script_data+0xef3d): undefined reference to `CinnabarIsland_GPUCenter_1F_Text_VisitUnionRoom'
arm-none-eabi-ld: data/event_scripts.o: in function `CinnabarIsland_PokemonCenter_1F_EventScript_CooltrainerF':
(script_data+0xef46): undefined reference to `CinnabarIsland_GPUCenter_1F_Text_CinnabarGymLocked'
arm-none-eabi-ld: data/event_scripts.o: in function `CinnabarIsland_PokemonCenter_1F_EventScript_Youngster':
(script_data+0xef4f): undefined reference to `CinnabarIsland_GPUCenter_1F_Text_EvolutionCanWaitForNewMoves'
arm-none-eabi-ld: data/event_scripts.o: in function `CinnabarIsland_PokemonCenter_1F_EventScript_Bill':
(script_data+0xef5a): undefined reference to `CinnabarIsland_GPUCenter_1F_Text_ReadyToSailToOneIsland'
arm-none-eabi-ld: (script_data+0xef6d): undefined reference to `CinnabarIsland_GPUCenter_1F_Text_LetsGo'
arm-none-eabi-ld: data/event_scripts.o: in function `CinnabarIsland_PokemonCenter_1F_EventScript_NotReadyToSail':
(script_data+0xeff3): undefined reference to `CinnabarIsland_GPUCenter_1F_Text_OhNotDoneYet'
arm-none-eabi-ld: data/event_scripts.o: in function `IndigoPlateau_PokemonCenter_1F_EventScript_DoorGuard':
(script_data+0xf0ea): undefined reference to `IndigoPlateau_GPUCenter_1F_Text_FaceEliteFourGoodLuck'
arm-none-eabi-ld: data/event_scripts.o: in function `IndigoPlateau_PokemonCenter_1F_EventScript_CheckSeviiIslandComplete':
(script_data+0xf0fd): undefined reference to `IndigoPlateau_GPUCenter_1F_Text_LoreleiIsAbsentClosedForTimeBeing'
arm-none-eabi-ld: data/event_scripts.o: in function `IndigoPlateau_PokemonCenter_1F_EventScript_SeviiIslandComplete':
(script_data+0xf107): undefined reference to `IndigoPlateau_GPUCenter_1F_Text_FaceEliteFourGoodLuck'
arm-none-eabi-ld: data/event_scripts.o: in function `IndigoPlateau_PokemonCenter_1F_EventScript_GymGuy':
(script_data+0xf111): undefined reference to `IndigoPlateau_GPUCenter_1F_Text_GymGuyAdvice'
arm-none-eabi-ld: data/event_scripts.o: in function `SaffronCity_PokemonCenter_1F_EventScript_Gentleman':
(script_data+0xf652): undefined reference to `SaffronCity_GPUCenter_1F_Text_SilphCoVictimOfFame'
arm-none-eabi-ld: data/event_scripts.o: in function `SaffronCity_PokemonCenter_1F_EventScript_Woman':
(script_data+0xf65b): undefined reference to `SaffronCity_GPUCenter_1F_Text_GrowthRatesDifferBySpecies'
arm-none-eabi-ld: data/event_scripts.o: in function `SaffronCity_PokemonCenter_1F_EventScript_Youngster':
(script_data+0xf671): undefined reference to `SaffronCity_GPUCenter_1F_Text_GreatIfEliteFourCameBeatRockets'
arm-none-eabi-ld: data/event_scripts.o: in function `SaffronCity_PokemonCenter_1F_EventScript_YoungsterRocketsGone':
(script_data+0xf67b): undefined reference to `SaffronCity_GPUCenter_1F_Text_TeamRocketTookOff'
arm-none-eabi-ld: data/event_scripts.o: in function `SaffronCity_PokemonTrainerFanClub_EventScript_MeetFirstFans':
(script_data+0xf746): undefined reference to `SaffronCity_GPUTrainerFanClub_Text_HuhYou'
arm-none-eabi-ld: (script_data+0xf763): undefined reference to `SaffronCity_GPUTrainerFanClub_Text_YourePlayerWereYourFansNow'
arm-none-eabi-ld: data/event_scripts.o: in function `SaffronCity_PokemonTrainerFanClub_EventScript_CrushGirl':
(script_data+0xf904): undefined reference to `SaffronCity_GPUTrainerFanClub_Text_WasYourFanNotAnymore'
arm-none-eabi-ld: data/event_scripts.o: in function `SaffronCity_PokemonTrainerFanClub_EventScript_CrushGirlPlayersFan':
(script_data+0xf91e): undefined reference to `SaffronCity_GPUTrainerFanClub_Text_AlwaysCheerForYou'
arm-none-eabi-ld: data/event_scripts.o: in function `SaffronCity_PokemonTrainerFanClub_EventScript_CrushGirlOnlyFan':
(script_data+0xf928): undefined reference to `SaffronCity_GPUTrainerFanClub_Text_IllAlwaysBelieveInYou'
arm-none-eabi-ld: data/event_scripts.o: in function `SaffronCity_PokemonTrainerFanClub_EventScript_CrushGirlOnlyNonFan':
(script_data+0xf932): undefined reference to `SaffronCity_GPUTrainerFanClub_Text_EveryonesYourFanButICantBe'
arm-none-eabi-ld: data/event_scripts.o: in function `SaffronCity_PokemonTrainerFanClub_EventScript_CrushGirlPlayerNotChampion':
(script_data+0xf93c): undefined reference to `SaffronCity_GPUTrainerFanClub_Text_TrainersCoolWhenBattling'
arm-none-eabi-ld: data/event_scripts.o: in function `SaffronCity_PokemonTrainerFanClub_EventScript_LittleGirl':
(script_data+0xf97b): undefined reference to `SaffronCity_GPUTrainerFanClub_Text_WantToBeLikeSabrina'
arm-none-eabi-ld: data/event_scripts.o: in function `SaffronCity_PokemonTrainerFanClub_EventScript_LittleGirlPlayersFan':
(script_data+0xf995): undefined reference to `SaffronCity_GPUTrainerFanClub_Text_WantToBeLikeYouOneDay'
arm-none-eabi-ld: data/event_scripts.o: in function `SaffronCity_PokemonTrainerFanClub_EventScript_LittleGirlOnlyFan':
(script_data+0xf99f): undefined reference to `SaffronCity_GPUTrainerFanClub_Text_EveryoneButMeStoppedBeingYourFan'
arm-none-eabi-ld: data/event_scripts.o: in function `SaffronCity_PokemonTrainerFanClub_EventScript_LittleGirlOnlyNonFan':
(script_data+0xf9a9): undefined reference to `SaffronCity_GPUTrainerFanClub_Text_WontStopBeingSabrinasFan'
arm-none-eabi-ld: data/event_scripts.o: in function `SaffronCity_PokemonTrainerFanClub_EventScript_LittleGirlPlayerNotChampion':
(script_data+0xf9b3): undefined reference to `SaffronCity_GPUTrainerFanClub_Text_CanIBecomeCoolTrainerOneDay'
arm-none-eabi-ld: data/event_scripts.o: in function `SaffronCity_PokemonTrainerFanClub_EventScript_Youngster':
(script_data+0xf9f2): undefined reference to `SaffronCity_GPUTrainerFanClub_Text_BrocksMyHero'
arm-none-eabi-ld: data/event_scripts.o: in function `SaffronCity_PokemonTrainerFanClub_EventScript_YoungsterPlayersFan':
(script_data+0xfa0c): undefined reference to `SaffronCity_GPUTrainerFanClub_Text_CanYouAutographShorts'
arm-none-eabi-ld: data/event_scripts.o: in function `SaffronCity_PokemonTrainerFanClub_EventScript_YoungsterOnlyFan':
(script_data+0xfa16): undefined reference to `SaffronCity_GPUTrainerFanClub_Text_CountingOnYou'
arm-none-eabi-ld: data/event_scripts.o: in function `SaffronCity_PokemonTrainerFanClub_EventScript_YoungsterOnlyNonFan':
(script_data+0xfa20): undefined reference to `SaffronCity_GPUTrainerFanClub_Text_BrocksFanToBitterEnd'
arm-none-eabi-ld: data/event_scripts.o: in function `SaffronCity_PokemonTrainerFanClub_EventScript_YoungsterPlayerNotChampion':
(script_data+0xfa2a): undefined reference to `SaffronCity_GPUTrainerFanClub_Text_BrocksLastWordOnCool'
arm-none-eabi-ld: data/event_scripts.o: in function `SaffronCity_PokemonTrainerFanClub_EventScript_Gentleman':
(script_data+0xfa69): undefined reference to `SaffronCity_GPUTrainerFanClub_Text_HmmAndYouAre'
arm-none-eabi-ld: data/event_scripts.o: in function `SaffronCity_PokemonTrainerFanClub_EventScript_GentlemanPlayersFan':
(script_data+0xfa83): undefined reference to `SaffronCity_GPUTrainerFanClub_Text_HadPleasureOfWatchingYouBattle'
arm-none-eabi-ld: data/event_scripts.o: in function `SaffronCity_PokemonTrainerFanClub_EventScript_GentlemanOnlyFan':
(script_data+0xfa8d): undefined reference to `SaffronCity_GPUTrainerFanClub_Text_NeverSeenTrainerOfYourMagnificence'
arm-none-eabi-ld: data/event_scripts.o: in function `SaffronCity_PokemonTrainerFanClub_EventScript_GentlemanOnlyNonFan':
(script_data+0xfa97): undefined reference to `SaffronCity_GPUTrainerFanClub_Text_YouveStillAWaysToGo'
arm-none-eabi-ld: data/event_scripts.o: in function `SaffronCity_PokemonTrainerFanClub_EventScript_GentlemanPlayerNotChampion':
(script_data+0xfaa1): undefined reference to `SaffronCity_GPUTrainerFanClub_Text_YoullBeTalkedAboutIfYouKeepWinning'
arm-none-eabi-ld: data/event_scripts.o: in function `SaffronCity_PokemonTrainerFanClub_EventScript_Woman':
(script_data+0xfad5): undefined reference to `SaffronCity_GPUTrainerFanClub_Text_TrainerHasBeenOnFire'
arm-none-eabi-ld: data/event_scripts.o: in function `SaffronCity_PokemonTrainerFanClub_EventScript_WomanPlayersFan':
(script_data+0xfaef): undefined reference to `SaffronCity_GPUTrainerFanClub_Text_AdoreWayYouBattle'
arm-none-eabi-ld: data/event_scripts.o: in function `SaffronCity_PokemonTrainerFanClub_EventScript_WomanOnlyFan':
(script_data+0xfaf9): undefined reference to `SaffronCity_GPUTrainerFanClub_Text_ImYourNumberOneFan'
arm-none-eabi-ld: data/event_scripts.o: in function `SaffronCity_PokemonTrainerFanClub_EventScript_WomanOnlyNonFan':
(script_data+0xfb03): undefined reference to `SaffronCity_GPUTrainerFanClub_Text_EveryoneTalksAboutYou'
arm-none-eabi-ld: data/event_scripts.o: in function `SaffronCity_PokemonTrainerFanClub_EventScript_Rocker':
(script_data+0xfb37): undefined reference to `SaffronCity_GPUTrainerFanClub_Text_LoveWayTrainerTalks'
arm-none-eabi-ld: data/event_scripts.o: in function `SaffronCity_PokemonTrainerFanClub_EventScript_RockerPlayersFan':
(script_data+0xfb51): undefined reference to `SaffronCity_GPUTrainerFanClub_Text_TheWayYouBattleIsCool'
arm-none-eabi-ld: data/event_scripts.o: in function `SaffronCity_PokemonTrainerFanClub_EventScript_RockerOnlyFan':
(script_data+0xfb5b): undefined reference to `SaffronCity_GPUTrainerFanClub_Text_ImOnlyOneLeftOfYourFans'
arm-none-eabi-ld: data/event_scripts.o: in function `SaffronCity_PokemonTrainerFanClub_EventScript_RockerOnlyNonFan':
(script_data+0xfb65): undefined reference to `SaffronCity_GPUTrainerFanClub_Text_ImLoneTrainerFan'
arm-none-eabi-ld: data/event_scripts.o: in function `SaffronCity_PokemonTrainerFanClub_EventScript_Beauty':
(script_data+0xfb99): undefined reference to `SaffronCity_GPUTrainerFanClub_Text_WhyCantOthersSeeMastersDignity'
arm-none-eabi-ld: data/event_scripts.o: in function `SaffronCity_PokemonTrainerFanClub_EventScript_BeautyPlayersFan':
(script_data+0xfbb3): undefined reference to `SaffronCity_GPUTrainerFanClub_Text_YouReallyAreAmazing'
arm-none-eabi-ld: data/event_scripts.o: in function `SaffronCity_PokemonTrainerFanClub_EventScript_BeautyOnlyFan':
(script_data+0xfbbd): undefined reference to `SaffronCity_GPUTrainerFanClub_Text_ImYourOnlyFan'
arm-none-eabi-ld: data/event_scripts.o: in function `SaffronCity_PokemonTrainerFanClub_EventScript_BeautyOnlyNonFan':
(script_data+0xfbc7): undefined reference to `SaffronCity_GPUTrainerFanClub_Text_BelieveInMasterWithAllMyHeart'
arm-none-eabi-ld: data/event_scripts.o: in function `SaffronCity_PokemonTrainerFanClub_EventScript_BlackBelt':
(script_data+0xfbfb): undefined reference to `SaffronCity_GPUTrainerFanClub_Text_OnlyMasterHasMyRespect'
arm-none-eabi-ld: data/event_scripts.o: in function `SaffronCity_PokemonTrainerFanClub_EventScript_BlackBeltPlayersFan':
(script_data+0xfc15): undefined reference to `SaffronCity_GPUTrainerFanClub_Text_YourBattleStyleIsEducational'
arm-none-eabi-ld: data/event_scripts.o: in function `SaffronCity_PokemonTrainerFanClub_EventScript_BlackBeltOnlyFan':
(script_data+0xfc1f): undefined reference to `SaffronCity_GPUTrainerFanClub_Text_WontStopBeingYourFan'
arm-none-eabi-ld: data/event_scripts.o: in function `SaffronCity_PokemonTrainerFanClub_EventScript_BlackBeltOnlyNonFan':
(script_data+0xfc29): undefined reference to `SaffronCity_GPUTrainerFanClub_Text_NeverBeFanOfAnyoneButMaster'
arm-none-eabi-ld: data/event_scripts.o: in function `Route4_PokemonCenter_1F_EventScript_Boy':
(script_data+0xfd99): undefined reference to `Route4_GPUCenter_1F_Text_CanHaveSixMonsWithYou'
arm-none-eabi-ld: data/event_scripts.o: in function `Route4_PokemonCenter_1F_EventScript_Gentleman':
(script_data+0xfda3): undefined reference to `Route4_GPUCenter_1F_Text_TeamRocketAttacksCerulean'
arm-none-eabi-ld: data/event_scripts.o: in function `Route4_PokemonCenter_1F_EventScript_AskBuyMagikarpMale':
(script_data+0xfdd4): undefined reference to `Route4_GPUCenter_1F_Text_LaddieBuyMagikarpForJust500'
arm-none-eabi-ld: data/event_scripts.o: in function `Route4_PokemonCenter_1F_EventScript_AskBuyMagikarpFemale':
(script_data+0xfde2): undefined reference to `Route4_GPUCenter_1F_Text_SweetieBuyMagikarpForJust500'
arm-none-eabi-ld: data/event_scripts.o: in function `Route4_PokemonCenter_1F_EventScript_DeclineMagikarp':
(script_data+0xfed6): undefined reference to `Route4_GPUCenter_1F_Text_OnlyDoingThisAsFavorToYou'
arm-none-eabi-ld: data/event_scripts.o: in function `Route4_PokemonCenter_1F_EventScript_NotEnoughMoney':
(script_data+0xfee3): undefined reference to `Route4_GPUCenter_1F_Text_YoullNeedMoreMoney'
arm-none-eabi-ld: data/event_scripts.o: in function `Route4_PokemonCenter_1F_EventScript_AlreadyBoughtMagikarp':
(script_data+0xfef0): undefined reference to `Route4_GPUCenter_1F_Text_IDontGiveRefunds'
arm-none-eabi-ld: data/event_scripts.o: in function `Route4_PokemonCenter_1F_EventScript_NoRoomForMagikarp':
(script_data+0xfefc): undefined reference to `Route4_GPUCenter_1F_Text_NoRoomForMoreGPU'
arm-none-eabi-ld: data/event_scripts.o: in function `Route4_PokemonCenter_1F_EventScript_Youngster':
(script_data+0xff12): undefined reference to `Route4_GPUCenter_1F_Text_ShouldStoreMonsUsingPC'
arm-none-eabi-ld: data/event_scripts.o: in function `Route4_PokemonCenter_1F_EventScript_Newspaper':
(script_data+0xff1c): undefined reference to `Route4_GPUCenter_1F_Text_ItsANewspaper'
arm-none-eabi-ld: data/event_scripts.o: in function `Route10_PokemonCenter_1F_EventScript_FatMan':
(script_data+0x10298): undefined reference to `Route10_GPUCenter_1F_Text_NuggetUselessSoldFor5000'
arm-none-eabi-ld: data/event_scripts.o: in function `Route10_PokemonCenter_1F_EventScript_Gentleman':
(script_data+0x102a1): undefined reference to `Route10_GPUCenter_1F_Text_EveryTypeStrongerThanOthers'
arm-none-eabi-ld: data/event_scripts.o: in function `Route10_PokemonCenter_1F_EventScript_Youngster':
(script_data+0x102aa): undefined reference to `Route10_GPUCenter_1F_Text_HeardGhostsHauntLavender'
arm-none-eabi-ld: data/event_scripts.o: in function `Route10_PokemonCenter_1F_EventScript_Aide':
(script_data+0x102c3): undefined reference to `Route10_GPUCenter_1F_Text_GiveEverstoneIfCaught20Mons'
arm-none-eabi-ld: (script_data+0x102f4): undefined reference to `Route10_GPUCenter_1F_Text_GreatHereYouGo'
arm-none-eabi-ld: (script_data+0x1032b): undefined reference to `Route10_GPUCenter_1F_Text_ExplainEverstone'
arm-none-eabi-ld: data/event_scripts.o: in function `Route10_PokemonCenter_1F_EventScript_AlreadyGotEverstone':
(script_data+0x10335): undefined reference to `Route10_GPUCenter_1F_Text_ExplainEverstone'
arm-none-eabi-ld: data/event_scripts.o: in function `Route12_NorthEntrance_2F_EventScript_RightBinoculars':
(script_data+0x104cf): undefined reference to `Route12_NorthEntrance_2F_Text_ItsGPUTower'
arm-none-eabi-ld: data/event_scripts.o: in function `SevenIsland_PokemonCenter_1F_EventScript_OldMan':
(script_data+0x111ef): undefined reference to `SevenIsland_GPUCenter_1F_Text_EventsDependingOnConnections'
arm-none-eabi-ld: data/event_scripts.o: in function `SevenIsland_PokemonCenter_1F_EventScript_Sailor':
(script_data+0x111f8): undefined reference to `SevenIsland_GPUCenter_1F_Text_DidYouRideSeagallopHere'
arm-none-eabi-ld: data/event_scripts.o: in function `SevenIsland_PokemonCenter_1F_EventScript_Beauty':
(script_data+0x11201): undefined reference to `SevenIsland_GPUCenter_1F_Text_CheckOutTrainerTower'
arm-none-eabi-ld: data/event_scripts.o: in function `OneIsland_PokemonCenter_1F_EventScript_MeetCelioScene':
(script_data+0x11313): undefined reference to `OneIsland_GPUCenter_1F_Text_BillHeyThereCelio'
arm-none-eabi-ld: (script_data+0x11346): undefined reference to `OneIsland_GPUCenter_1F_Text_CelioCantBelieveYouCameOut'
arm-none-eabi-ld: (script_data+0x1134e): undefined reference to `OneIsland_GPUCenter_1F_Text_BillHowsYourResearchComing'
arm-none-eabi-ld: (script_data+0x11367): undefined reference to `OneIsland_GPUCenter_1F_Text_ThisIsMyBuddyCelio'
arm-none-eabi-ld: (script_data+0x1139f): undefined reference to `OneIsland_GPUCenter_1F_Text_CelioThatsReallyImpressive'
arm-none-eabi-ld: (script_data+0x113a7): undefined reference to `OneIsland_GPUCenter_1F_Text_BillBringMeUpToSpeed'
arm-none-eabi-ld: (script_data+0x113b9): undefined reference to `OneIsland_GPUCenter_1F_Text_CelioPCsCantLinkWithYours'
arm-none-eabi-ld: (script_data+0x113cc): undefined reference to `OneIsland_GPUCenter_1F_Text_BillLetMeHelpYou'
arm-none-eabi-ld: (script_data+0x113e8): undefined reference to `OneIsland_GPUCenter_1F_Text_CanYouDeliverThisMeteoritePlayer'
arm-none-eabi-ld: (script_data+0x11416): undefined reference to `OneIsland_GPUCenter_1F_Text_CelioPleaseTakeThis'
arm-none-eabi-ld: (script_data+0x1143a): undefined reference to `OneIsland_GPUCenter_1F_Text_PassLetsYouTravelBetweenIslands'
arm-none-eabi-ld: (script_data+0x1145b): undefined reference to `OneIsland_GPUCenter_1F_Text_BillCatchYouLater'
arm-none-eabi-ld: data/event_scripts.o: in function `OneIsland_PokemonCenter_1F_EventScript_IntroducePlayerChamp':
(script_data+0x11482): undefined reference to `OneIsland_GPUCenter_1F_Text_PlayerIsReigningGPUChamp'
arm-none-eabi-ld: data/event_scripts.o: in function `OneIsland_PokemonCenter_1F_EventScript_IntroducePlayerNotChamp':
(script_data+0x1148b): undefined reference to `OneIsland_GPUCenter_1F_Text_PlayerIsRisingGPUChamp'
arm-none-eabi-ld: data/event_scripts.o: in function `OneIsland_PokemonCenter_1F_EventScript_Bill':
(script_data+0x114f5): undefined reference to `OneIsland_GPUCenter_1F_Text_HmmHowAboutLikeThis'
arm-none-eabi-ld: data/event_scripts.o: in function `OneIsland_PokemonCenter_1F_EventScript_BillGoTakeStroll':
(script_data+0x11509): undefined reference to `OneIsland_GPUCenter_1F_Text_GotPCWorkingStrollAWhileMore'
arm-none-eabi-ld: data/event_scripts.o: in function `OneIsland_PokemonCenter_1F_EventScript_Celio':
(script_data+0x1156e): undefined reference to `OneIsland_GPUCenter_1F_Text_SorryForBeingPoorHost'
arm-none-eabi-ld: data/event_scripts.o: in function `OneIsland_PokemonCenter_1F_EventScript_CelioGiveBillFact':
(script_data+0x11583): undefined reference to `OneIsland_GPUCenter_1F_Text_CelioHearingRumorsAboutYou'
arm-none-eabi-ld: (script_data+0x115b1): undefined reference to `OneIsland_GPUCenter_1F_Text_BillCantStomachMilk'
arm-none-eabi-ld: data/event_scripts.o: in function `OneIsland_PokemonCenter_1F_EventScript_BillFact1':
(script_data+0x115c8): undefined reference to `OneIsland_GPUCenter_1F_Text_BillsFirstMonWasAbra'
arm-none-eabi-ld: data/event_scripts.o: in function `OneIsland_PokemonCenter_1F_EventScript_BillFact2':
(script_data+0x115df): undefined reference to `OneIsland_GPUCenter_1F_Text_BillsHometownInGoldenrod'
arm-none-eabi-ld: data/event_scripts.o: in function `OneIsland_PokemonCenter_1F_EventScript_CelioJustGivenSapphire':
(script_data+0x115e9): undefined reference to `OneIsland_GPUCenter_1F_Text_WishYouBestOfLuck'
arm-none-eabi-ld: data/event_scripts.o: in function `OneIsland_PokemonCenter_1F_EventScript_GiveCelioSapphire':
(script_data+0x11609): undefined reference to `OneIsland_GPUCenter_1F_Text_ThankYouGiveMeTime'
arm-none-eabi-ld: (script_data+0x11627): undefined reference to `OneIsland_GPUCenter_1F_Text_OkayThisIsGood'
arm-none-eabi-ld: (script_data+0x11658): undefined reference to `OneIsland_GPUCenter_1F_Text_LinkedUpWithLanette'
arm-none-eabi-ld: (script_data+0x1166a): undefined reference to `OneIsland_GPUCenter_1F_Text_ManagedToLinkWithHoennThankYou'
arm-none-eabi-ld: data/event_scripts.o: in function `OneIsland_PokemonCenter_1F_EventScript_ExplainRainbowPass':
(script_data+0x11688): undefined reference to `OneIsland_GPUCenter_1F_Text_PassLetYouGetToAllIslands'
arm-none-eabi-ld: data/event_scripts.o: in function `OneIsland_PokemonCenter_1F_EventScript_GiveCelioRuby':
(script_data+0x11692): undefined reference to `OneIsland_GPUCenter_1F_Text_OhThats'
arm-none-eabi-ld: (script_data+0x116ce): undefined reference to `OneIsland_GPUCenter_1F_Text_MayIAskOneMoreFavor'
arm-none-eabi-ld: data/event_scripts.o: in function `OneIsland_PokemonCenter_1F_EventScript_DeclineHelpCelio':
(script_data+0x116e7): undefined reference to `OneIsland_GPUCenter_1F_Text_PleaseINeedYourHelp'
arm-none-eabi-ld: data/event_scripts.o: in function `OneIsland_PokemonCenter_1F_EventScript_GiveRainbowPass':
(script_data+0x11700): undefined reference to `OneIsland_GPUCenter_1F_Text_AnotherGemstoneInSeviiIslands'
arm-none-eabi-ld: data/event_scripts.o: in function `OneIsland_PokemonCenter_1F_EventScript_CelioWaitingForRuby':
(script_data+0x11740): undefined reference to `OneIsland_GPUCenter_1F_Text_TryingToFindGem'
arm-none-eabi-ld: data/event_scripts.o: in function `OneIsland_PokemonCenter_1F_EventScript_CelioRequestRuby':
(script_data+0x1174a): undefined reference to `OneIsland_GPUCenter_1F_Text_CelioCaughtMoreMonMaybeICanBeUseful'
arm-none-eabi-ld: (script_data+0x1175c): undefined reference to `OneIsland_GPUCenter_1F_Text_YoullBeTradingFromTrainersFarAway'
arm-none-eabi-ld: (script_data+0x1176e): undefined reference to `OneIsland_GPUCenter_1F_Text_NeedsSpecialGemstone'
arm-none-eabi-ld: data/event_scripts.o: in function `OneIsland_PokemonCenter_1F_EventScript_CelioPlayerMissingNationalDex':
(script_data+0x11782): undefined reference to `OneIsland_GPUCenter_1F_Text_CelioImModifyingMyNetworkMachine'
arm-none-eabi-ld: data/event_scripts.o: in function `OneIsland_PokemonCenter_1F_EventScript_LittleBoy':
(script_data+0x11796): undefined reference to `OneIsland_GPUCenter_1F_Text_CameFromPalletDontKnowIt'
arm-none-eabi-ld: data/event_scripts.o: in function `OneIsland_PokemonCenter_1F_EventScript_Hiker':
(script_data+0x1179f): undefined reference to `OneIsland_GPUCenter_1F_Text_EnormousVolcanoOnIsland'
arm-none-eabi-ld: data/event_scripts.o: in function `OneIsland_PokemonCenter_1F_EventScript_CrushGirl':
(script_data+0x117b3): undefined reference to `OneIsland_GPUCenter_1F_Text_WishICouldTradeWithBoyfriend'
arm-none-eabi-ld: data/event_scripts.o: in function `OneIsland_PokemonCenter_1F_EventScript_CrushGirlHoennLinked':
(script_data+0x117bd): undefined reference to `OneIsland_GPUCenter_1F_Text_TradedWithFarAwayBoyfriend'
arm-none-eabi-ld: data/event_scripts.o: in function `OneIsland_PokemonCenter_1F_EventScript_NetworkMachine':
(script_data+0x117da): undefined reference to `OneIsland_GPUCenter_1F_Text_MachineUnderAdjustment'
arm-none-eabi-ld: data/event_scripts.o: in function `OneIsland_PokemonCenter_1F_EventScript_NetworkMachineLinkedWithKanto':
(script_data+0x117e4): undefined reference to `OneIsland_GPUCenter_1F_Text_MachineLinkedWithKanto'
arm-none-eabi-ld: data/event_scripts.o: in function `OneIsland_PokemonCenter_1F_EventScript_NetworkMachineLinkedWithHoenn':
(script_data+0x117ee): undefined reference to `OneIsland_GPUCenter_1F_Text_MachineLinkedWithKantoAndHoenn'
arm-none-eabi-ld: data/event_scripts.o: in function `OneIsland_PokemonCenter_1F_EventScript_LeaveOneIslandScene':
(script_data+0x11837): undefined reference to `OneIsland_GPUCenter_1F_Text_BillOhHeyPlayer'
arm-none-eabi-ld: (script_data+0x1186f): undefined reference to `OneIsland_GPUCenter_1F_Text_BillWeGotItDone'
arm-none-eabi-ld: (script_data+0x11881): undefined reference to `OneIsland_GPUCenter_1F_Text_CelioJobWentQuick'
arm-none-eabi-ld: (script_data+0x1189d): undefined reference to `OneIsland_GPUCenter_1F_Text_BillYouveLearnedALot'
arm-none-eabi-ld: (script_data+0x118a5): undefined reference to `OneIsland_GPUCenter_1F_Text_CelioOhReallyEhehe'
arm-none-eabi-ld: (script_data+0x118c8): undefined reference to `OneIsland_GPUCenter_1F_Text_BillWeShouldHeadBackToKanto'
arm-none-eabi-ld: (script_data+0x118f2): undefined reference to `OneIsland_GPUCenter_1F_Text_CelioPromiseIllShowYouAroundSometime'
arm-none-eabi-ld: data/event_scripts.o: in function `TwoIsland_PokemonCenter_1F_EventScript_GBAKid':
(script_data+0x11e1a): undefined reference to `TwoIsland_GPUCenter_1F_Text_HaveYouVisitedGameCorner'
arm-none-eabi-ld: data/event_scripts.o: in function `TwoIsland_PokemonCenter_1F_EventScript_BugCatcher':
(script_data+0x11e23): undefined reference to `TwoIsland_GPUCenter_1F_Text_OldLadyLivesOutOnCape'
arm-none-eabi-ld: data/event_scripts.o: in function `ThreeIsland_PokemonCenter_1F_EventScript_Sailor':
(script_data+0x11e98): undefined reference to `ThreeIsland_GPUCenter_1F_Text_ImpossibleToSurfBetweenIslands'
arm-none-eabi-ld: data/event_scripts.o: in function `ThreeIsland_PokemonCenter_1F_EventScript_Lass':
(script_data+0x11ea1): undefined reference to `ThreeIsland_GPUCenter_1F_Text_AlwaysBerriesInBerryForest'
arm-none-eabi-ld: data/event_scripts.o: in function `ThreeIsland_PokemonCenter_1F_EventScript_Rocker':
(script_data+0x11eaa): undefined reference to `ThreeIsland_GPUCenter_1F_Text_PCNetworkCanLinkWithKanto'
arm-none-eabi-ld: data/event_scripts.o: in function `FourIsland_PokemonCenter_1F_EventScript_Man':
(script_data+0x12250): undefined reference to `FourIsland_GPUCenter_1F_Text_RareIceMonsInCave'
arm-none-eabi-ld: data/event_scripts.o: in function `FourIsland_PokemonCenter_1F_EventScript_Woman':
(script_data+0x12259): undefined reference to `FourIsland_GPUCenter_1F_Text_DayCarePeopleFoundEggBefore'
arm-none-eabi-ld: data/event_scripts.o: in function `FourIsland_PokemonCenter_1F_EventScript_Gentleman':
(script_data+0x12262): undefined reference to `FourIsland_GPUCenter_1F_Text_NewGPUJournalHasntArrived'
arm-none-eabi-ld: data/event_scripts.o: in function `FiveIsland_PokemonCenter_1F_EventScript_Chef':
(script_data+0x12357): undefined reference to `FiveIsland_GPUCenter_1F_Text_OnMyWayToPrepareMeal'
arm-none-eabi-ld: data/event_scripts.o: in function `FiveIsland_PokemonCenter_1F_EventScript_CooltrainerF':
(script_data+0x12360): undefined reference to `FiveIsland_GPUCenter_1F_Text_YoureOnQuestToCatchEveryMon'
arm-none-eabi-ld: data/event_scripts.o: in function `SixIsland_PokemonCenter_1F_EventScript_RivalScene':
(script_data+0x12417): undefined reference to `SixIsland_GPUCenter_1F_Text_RivalImpossibleToGetAllMonsAroundHere'
arm-none-eabi-ld: data/event_scripts.o: in function `SixIsland_PokemonCenter_1F_EventScript_Hiker':
(script_data+0x1245c): undefined reference to `SixIsland_GPUCenter_1F_Text_SomethingHiddenOnThisIsland'
arm-none-eabi-ld: data/event_scripts.o: in function `SixIsland_PokemonCenter_1F_EventScript_OldMan':
(script_data+0x12465): undefined reference to `SixIsland_GPUCenter_1F_Text_SomeMonsEvolveByTradingWithHeldItem'
Memory region         Used Size  Region Size  %age Used
           EWRAM:      261040 B       256 KB     99.58%
           IWRAM:       29824 B        32 KB     91.02%
             ROM:    15727728 B        32 MB     46.87%
make: *** [pokefirered.elf] Error 1
